2025-10-05 18:03:44,850 - INFO - ✅ SafeTrainer initialized with batch-level checkpointing
2025-10-05 18:03:52,447 - INFO - 💾 Checkpoint saved at epoch 0, batch 0
2025-10-05 18:06:09,433 - INFO - 💾 Checkpoint saved at epoch 0, batch 57
2025-10-05 18:08:31,877 - INFO - ✅ SafeTrainer initialized with batch-level checkpointing
2025-10-05 18:08:32,225 - INFO - 📂 Resumed from epoch 0, batch 57
2025-10-05 18:08:32,225 - INFO - 📊 Total batches trained so far: 58
2025-10-05 18:08:32,225 - INFO - 🏆 Best validation accuracy: 0.00%
2025-10-05 18:10:39,162 - INFO - 💾 Checkpoint saved at epoch 0, batch 100
2025-10-05 18:17:16,940 - INFO - 💾 Checkpoint saved at epoch 0, batch 200
2025-10-05 18:23:48,581 - INFO - 💾 Checkpoint saved at epoch 0, batch 300
2025-10-05 18:24:39,947 - INFO - 💾 Checkpoint saved at epoch 0, batch 300
2025-10-05 18:24:41,148 - INFO - 🏆 New best model saved! Val accuracy: 61.52%
2025-10-05 18:31:09,683 - INFO - 💾 Checkpoint saved at epoch 0, batch 400
2025-10-05 18:37:23,085 - INFO - 💾 Checkpoint saved at epoch 0, batch 500
2025-10-05 18:44:39,085 - INFO - 💾 Checkpoint saved at epoch 0, batch 600
2025-10-05 18:45:28,143 - INFO - 💾 Checkpoint saved at epoch 0, batch 600
2025-10-05 18:45:29,086 - INFO - 🏆 New best model saved! Val accuracy: 68.75%
2025-10-05 18:52:20,355 - INFO - 💾 Checkpoint saved at epoch 0, batch 700
2025-10-05 19:01:01,427 - INFO - 💾 Checkpoint saved at epoch 0, batch 800
2025-10-05 19:09:43,791 - INFO - 💾 Checkpoint saved at epoch 0, batch 900
2025-10-05 19:10:51,280 - INFO - 💾 Checkpoint saved at epoch 0, batch 900
2025-10-05 19:19:30,146 - INFO - 💾 Checkpoint saved at epoch 0, batch 1000
2025-10-05 19:27:44,826 - INFO - 💾 Checkpoint saved at epoch 0, batch 1100
2025-10-05 19:36:23,579 - INFO - 💾 Checkpoint saved at epoch 0, batch 1200
2025-10-05 19:37:33,743 - INFO - 💾 Checkpoint saved at epoch 0, batch 1200
2025-10-05 19:46:39,587 - INFO - 💾 Checkpoint saved at epoch 0, batch 1300
2025-10-05 19:55:24,821 - INFO - 💾 Checkpoint saved at epoch 0, batch 1400
2025-10-05 20:03:42,176 - INFO - 💾 Checkpoint saved at epoch 0, batch 1500
2025-10-05 20:04:57,720 - INFO - 💾 Checkpoint saved at epoch 0, batch 1500
2025-10-05 20:04:59,493 - INFO - 🏆 New best model saved! Val accuracy: 77.83%
2025-10-05 20:14:00,749 - INFO - 💾 Checkpoint saved at epoch 0, batch 1600
2025-10-05 20:23:16,031 - INFO - 💾 Checkpoint saved at epoch 0, batch 1700
2025-10-05 20:32:07,890 - INFO - 💾 Checkpoint saved at epoch 0, batch 1800
2025-10-05 20:33:16,037 - INFO - 💾 Checkpoint saved at epoch 0, batch 1800
2025-10-05 20:42:11,410 - INFO - 💾 Checkpoint saved at epoch 0, batch 1900
2025-10-05 20:51:22,924 - INFO - 💾 Checkpoint saved at epoch 0, batch 2000
2025-10-05 21:00:15,845 - INFO - 💾 Checkpoint saved at epoch 0, batch 2100
2025-10-05 21:01:24,366 - INFO - 💾 Checkpoint saved at epoch 0, batch 2100
2025-10-05 21:10:07,313 - INFO - 💾 Checkpoint saved at epoch 0, batch 2200
2025-10-05 21:18:42,458 - INFO - 💾 Checkpoint saved at epoch 0, batch 2300
2025-10-05 21:28:58,045 - INFO - 💾 Checkpoint saved at epoch 0, batch 2400
2025-10-05 21:30:35,954 - INFO - 💾 Checkpoint saved at epoch 0, batch 2400
2025-10-05 21:42:37,931 - INFO - 💾 Checkpoint saved at epoch 0, batch 2500
2025-10-05 21:52:57,947 - INFO - 💾 Checkpoint saved at epoch 0, batch 2600
2025-10-05 22:03:56,966 - INFO - 💾 Checkpoint saved at epoch 0, batch 2700
2025-10-05 22:05:18,760 - INFO - 💾 Checkpoint saved at epoch 0, batch 2700
2025-10-05 22:14:45,512 - INFO - 💾 Checkpoint saved at epoch 0, batch 2800
2025-10-05 22:24:06,680 - INFO - 💾 Checkpoint saved at epoch 0, batch 2900
2025-10-05 22:33:22,939 - INFO - 💾 Checkpoint saved at epoch 0, batch 3000
2025-10-05 22:34:33,256 - INFO - 💾 Checkpoint saved at epoch 0, batch 3000
2025-10-05 22:43:51,371 - INFO - 💾 Checkpoint saved at epoch 0, batch 3100
2025-10-05 22:47:13,379 - INFO - 💾 Checkpoint saved at epoch 0, batch 3125
2025-10-05 22:47:15,151 - INFO - 💾 Checkpoint saved at epoch 0, batch 0
2025-10-12 16:45:48,907 - INFO - ✅ SafeTrainer initialized with batch-level checkpointing
2025-10-12 16:45:49,778 - INFO - 📂 Resumed from epoch 0, batch 0
2025-10-12 16:45:49,779 - INFO - 📊 Total batches trained so far: 3127
2025-10-12 16:45:49,779 - INFO - 🏆 Best validation accuracy: 77.83%
2025-10-12 16:46:11,458 - INFO - 💾 Checkpoint saved at epoch 0, batch 0
2025-10-12 16:55:12,078 - INFO - 💾 Checkpoint saved at epoch 0, batch 100
2025-10-12 17:02:51,138 - INFO - 💾 Checkpoint saved at epoch 0, batch 200
2025-10-12 17:10:31,352 - INFO - 💾 Checkpoint saved at epoch 0, batch 300
2025-10-12 17:11:34,133 - INFO - 💾 Checkpoint saved at epoch 0, batch 300
2025-10-12 17:19:15,447 - INFO - 💾 Checkpoint saved at epoch 0, batch 400
2025-10-12 17:27:01,268 - INFO - 💾 Checkpoint saved at epoch 0, batch 500
2025-10-12 17:34:44,167 - INFO - 💾 Checkpoint saved at epoch 0, batch 600
2025-10-12 17:35:46,555 - INFO - 💾 Checkpoint saved at epoch 0, batch 600
2025-10-12 17:43:52,431 - INFO - 💾 Checkpoint saved at epoch 0, batch 700
2025-10-12 17:51:35,511 - INFO - 💾 Checkpoint saved at epoch 0, batch 800
2025-10-12 17:59:16,464 - INFO - 💾 Checkpoint saved at epoch 0, batch 900
2025-10-12 18:00:17,974 - INFO - 💾 Checkpoint saved at epoch 0, batch 900
2025-10-12 18:07:59,292 - INFO - 💾 Checkpoint saved at epoch 0, batch 1000
2025-10-12 18:15:42,202 - INFO - 💾 Checkpoint saved at epoch 0, batch 1100
2025-10-12 18:23:27,081 - INFO - 💾 Checkpoint saved at epoch 0, batch 1200
2025-10-12 18:24:28,672 - INFO - 💾 Checkpoint saved at epoch 0, batch 1200
2025-10-12 18:32:14,461 - INFO - 💾 Checkpoint saved at epoch 0, batch 1300
2025-10-12 18:39:57,844 - INFO - 💾 Checkpoint saved at epoch 0, batch 1400
2025-10-12 18:47:42,821 - INFO - 💾 Checkpoint saved at epoch 0, batch 1500
2025-10-12 18:48:45,199 - INFO - 💾 Checkpoint saved at epoch 0, batch 1500
2025-10-12 18:56:32,095 - INFO - 💾 Checkpoint saved at epoch 0, batch 1600
2025-10-12 19:04:29,841 - INFO - 💾 Checkpoint saved at epoch 0, batch 1700
2025-10-12 19:13:03,805 - INFO - 💾 Checkpoint saved at epoch 0, batch 1800
2025-10-12 19:14:14,387 - INFO - 💾 Checkpoint saved at epoch 0, batch 1800
2025-10-12 19:21:39,447 - INFO - 💾 Checkpoint saved at epoch 0, batch 1900
2025-10-12 19:29:08,863 - INFO - 💾 Checkpoint saved at epoch 0, batch 2000
2025-10-12 19:36:40,282 - INFO - 💾 Checkpoint saved at epoch 0, batch 2100
2025-10-12 19:37:40,257 - INFO - 💾 Checkpoint saved at epoch 0, batch 2100
2025-10-12 19:45:43,590 - INFO - 💾 Checkpoint saved at epoch 0, batch 2200
2025-10-12 19:53:36,702 - INFO - 💾 Checkpoint saved at epoch 0, batch 2300
2025-10-12 20:00:15,613 - INFO - 💾 Checkpoint saved at epoch 0, batch 2400
2025-10-12 20:01:07,591 - INFO - 💾 Checkpoint saved at epoch 0, batch 2400
2025-10-12 20:07:42,602 - INFO - 💾 Checkpoint saved at epoch 0, batch 2500
2025-10-12 20:14:24,093 - INFO - 💾 Checkpoint saved at epoch 0, batch 2600
2025-10-12 20:21:00,836 - INFO - 💾 Checkpoint saved at epoch 0, batch 2700
2025-10-12 20:21:52,608 - INFO - 💾 Checkpoint saved at epoch 0, batch 2700
2025-10-12 20:28:20,774 - INFO - 💾 Checkpoint saved at epoch 0, batch 2800
2025-10-12 20:34:54,897 - INFO - 💾 Checkpoint saved at epoch 0, batch 2900
2025-10-12 20:41:55,566 - INFO - 💾 Checkpoint saved at epoch 0, batch 3000
2025-10-12 20:42:55,611 - INFO - 💾 Checkpoint saved at epoch 0, batch 3000
2025-10-12 20:51:50,030 - INFO - 💾 Checkpoint saved at epoch 0, batch 3100
2025-10-12 20:54:55,159 - INFO - 💾 Checkpoint saved at epoch 0, batch 3125
2025-10-12 20:54:56,000 - INFO - 💾 Checkpoint saved at epoch 0, batch 0
2025-10-12 21:22:55,795 - INFO - ✅ SafeTrainer initialized with batch-level checkpointing
2025-10-12 21:22:56,713 - INFO - 📂 Resumed from epoch 0, batch 0
2025-10-12 21:22:56,714 - INFO - 📊 Total batches trained so far: 6253
2025-10-12 21:22:56,714 - INFO - 🏆 Best validation accuracy: 77.83%
2025-10-12 21:23:13,783 - INFO - 💾 Checkpoint saved at epoch 0, batch 0
2025-10-12 21:31:10,851 - INFO - 💾 Checkpoint saved at epoch 0, batch 100
2025-10-12 21:38:52,476 - INFO - 💾 Checkpoint saved at epoch 0, batch 200
2025-10-12 21:46:32,105 - INFO - 💾 Checkpoint saved at epoch 0, batch 300
2025-10-12 21:47:34,026 - INFO - 💾 Checkpoint saved at epoch 0, batch 300
2025-10-12 21:55:14,078 - INFO - 💾 Checkpoint saved at epoch 0, batch 400
2025-10-12 22:02:55,215 - INFO - 💾 Checkpoint saved at epoch 0, batch 500
2025-10-12 22:10:35,077 - INFO - 💾 Checkpoint saved at epoch 0, batch 600
2025-10-12 22:11:36,084 - INFO - 💾 Checkpoint saved at epoch 0, batch 600
2025-10-12 22:19:16,937 - INFO - 💾 Checkpoint saved at epoch 0, batch 700
2025-10-12 22:27:03,608 - INFO - 💾 Checkpoint saved at epoch 0, batch 800
2025-10-12 22:34:50,590 - INFO - 💾 Checkpoint saved at epoch 0, batch 900
2025-10-12 22:35:54,412 - INFO - 💾 Checkpoint saved at epoch 0, batch 900
2025-10-12 22:43:37,688 - INFO - 💾 Checkpoint saved at epoch 0, batch 1000
2025-10-12 22:51:17,223 - INFO - 💾 Checkpoint saved at epoch 0, batch 1100
2025-10-12 22:58:57,820 - INFO - 💾 Checkpoint saved at epoch 0, batch 1200
2025-10-12 22:59:58,859 - INFO - 💾 Checkpoint saved at epoch 0, batch 1200
2025-10-12 23:07:38,549 - INFO - 💾 Checkpoint saved at epoch 0, batch 1300
2025-10-12 23:15:20,514 - INFO - 💾 Checkpoint saved at epoch 0, batch 1400
2025-10-12 23:23:01,541 - INFO - 💾 Checkpoint saved at epoch 0, batch 1500
2025-10-12 23:24:03,235 - INFO - 💾 Checkpoint saved at epoch 0, batch 1500
2025-10-12 23:24:04,933 - INFO - 🏆 New best model saved! Val accuracy: 78.12%
2025-10-12 23:31:43,660 - INFO - 💾 Checkpoint saved at epoch 0, batch 1600
2025-10-12 23:39:23,177 - INFO - 💾 Checkpoint saved at epoch 0, batch 1700
2025-10-12 23:47:03,617 - INFO - 💾 Checkpoint saved at epoch 0, batch 1800
2025-10-12 23:48:05,789 - INFO - 💾 Checkpoint saved at epoch 0, batch 1800
2025-10-12 23:55:46,644 - INFO - 💾 Checkpoint saved at epoch 0, batch 1900
2025-10-13 00:03:42,728 - INFO - 💾 Checkpoint saved at epoch 0, batch 2000
2025-10-13 00:13:49,932 - INFO - 💾 Checkpoint saved at epoch 0, batch 2100
2025-10-13 00:14:55,489 - INFO - 💾 Checkpoint saved at epoch 0, batch 2100
2025-10-13 00:14:57,188 - INFO - 🏆 New best model saved! Val accuracy: 84.28%
2025-10-13 00:23:14,131 - INFO - 💾 Checkpoint saved at epoch 0, batch 2200
2025-10-13 00:31:41,265 - INFO - 💾 Checkpoint saved at epoch 0, batch 2300
2025-10-13 00:40:06,323 - INFO - 💾 Checkpoint saved at epoch 0, batch 2400
2025-10-13 00:41:13,150 - INFO - 💾 Checkpoint saved at epoch 0, batch 2400
2025-10-13 00:49:45,710 - INFO - 💾 Checkpoint saved at epoch 0, batch 2500
2025-10-13 00:58:23,659 - INFO - 💾 Checkpoint saved at epoch 0, batch 2600
2025-10-13 01:06:47,735 - INFO - 💾 Checkpoint saved at epoch 0, batch 2700
2025-10-13 01:07:55,463 - INFO - 💾 Checkpoint saved at epoch 0, batch 2700
2025-10-13 01:17:08,996 - INFO - 💾 Checkpoint saved at epoch 0, batch 2800
2025-10-13 01:33:30,890 - INFO - 💾 Checkpoint saved at epoch 0, batch 2900
2025-10-13 01:49:21,261 - INFO - 💾 Checkpoint saved at epoch 0, batch 3000
2025-10-13 01:51:12,449 - INFO - 💾 Checkpoint saved at epoch 0, batch 3000
2025-10-13 02:06:49,291 - INFO - 💾 Checkpoint saved at epoch 0, batch 3100
2025-10-13 02:13:05,323 - INFO - 💾 Checkpoint saved at epoch 0, batch 3125
2025-10-13 02:13:07,132 - INFO - 💾 Checkpoint saved at epoch 0, batch 0
2025-10-30 00:23:39,354 - INFO - ✅ SafeTrainer initialized with batch-level checkpointing
2025-10-30 00:23:41,881 - INFO - 📂 Resumed from epoch 0, batch 0
2025-10-30 00:23:41,881 - INFO - 📊 Total batches trained so far: 9379
2025-10-30 00:23:41,882 - INFO - 🏆 Best validation accuracy: 84.28%
2025-10-30 00:24:15,529 - INFO - 💾 Checkpoint saved at epoch 0, batch 0
2025-10-30 00:26:48,610 - ERROR - ❌ Training error: DataLoader worker (pid 23009) is killed by signal: Interrupt: 2. 
2025-10-30 00:26:51,115 - INFO - 💾 Checkpoint saved at epoch 0, batch 15
2025-10-30 00:26:53,242 - INFO - 💾 Checkpoint saved at epoch 0, batch 15
